14-Oct-2025 22:19:14.098 INFO [main] org.apache.catalina.startup.VersionLoggerListener.log Server version name:   Apache Tomcat/10.1.40
14-Oct-2025 22:19:14.102 INFO [main] org.apache.catalina.startup.VersionLoggerListener.log Server built:          Apr 1 2025 17:20:53 UTC
14-Oct-2025 22:19:14.102 INFO [main] org.apache.catalina.startup.VersionLoggerListener.log Server version number: 10.1.40.0
14-Oct-2025 22:19:14.103 INFO [main] org.apache.catalina.startup.VersionLoggerListener.log OS Name:               Mac OS X
14-Oct-2025 22:19:14.103 INFO [main] org.apache.catalina.startup.VersionLoggerListener.log OS Version:            14.3.1
14-Oct-2025 22:19:14.103 INFO [main] org.apache.catalina.startup.VersionLoggerListener.log Architecture:          aarch64
14-Oct-2025 22:19:14.103 INFO [main] org.apache.catalina.startup.VersionLoggerListener.log Java Home:             /Users/nadezdali/Library/Java/JavaVirtualMachines/corretto-17.0.14/Contents/Home
14-Oct-2025 22:19:14.103 INFO [main] org.apache.catalina.startup.VersionLoggerListener.log JVM Version:           17.0.14+7-LTS
14-Oct-2025 22:19:14.103 INFO [main] org.apache.catalina.startup.VersionLoggerListener.log JVM Vendor:            Amazon.com Inc.
14-Oct-2025 22:19:14.103 INFO [main] org.apache.catalina.startup.VersionLoggerListener.log CATALINA_BASE:         /Users/nadezdali/IdeaProjects/Gym_CRM_System
14-Oct-2025 22:19:14.103 INFO [main] org.apache.catalina.startup.VersionLoggerListener.log CATALINA_HOME:         /Users/nadezdali/JAVA/apache-tomcat-10.1.40
14-Oct-2025 22:19:14.108 INFO [main] org.apache.catalina.startup.VersionLoggerListener.log Command line argument: --add-opens=java.base/java.lang=ALL-UNNAMED
14-Oct-2025 22:19:14.108 INFO [main] org.apache.catalina.startup.VersionLoggerListener.log Command line argument: --add-opens=java.base/java.io=ALL-UNNAMED
14-Oct-2025 22:19:14.108 INFO [main] org.apache.catalina.startup.VersionLoggerListener.log Command line argument: --add-opens=java.base/java.util=ALL-UNNAMED
14-Oct-2025 22:19:14.108 INFO [main] org.apache.catalina.startup.VersionLoggerListener.log Command line argument: --add-opens=java.base/java.util.concurrent=ALL-UNNAMED
14-Oct-2025 22:19:14.108 INFO [main] org.apache.catalina.startup.VersionLoggerListener.log Command line argument: --add-opens=java.rmi/sun.rmi.transport=ALL-UNNAMED
14-Oct-2025 22:19:14.108 INFO [main] org.apache.catalina.startup.VersionLoggerListener.log Command line argument: -Dcatalina.home=/Users/nadezdali/JAVA/apache-tomcat-10.1.40
14-Oct-2025 22:19:14.108 INFO [main] org.apache.catalina.startup.VersionLoggerListener.log Command line argument: -Dcatalina.base=/Users/nadezdali/IdeaProjects/Gym_CRM_System
14-Oct-2025 22:19:14.108 INFO [main] org.apache.catalina.startup.VersionLoggerListener.log Command line argument: -Djava.io.tmpdir=/Users/nadezdali/IdeaProjects/Gym_CRM_System/temp
14-Oct-2025 22:19:14.108 INFO [main] org.apache.catalina.startup.VersionLoggerListener.log Command line argument: -Djava.util.logging.config.file=/Users/nadezdali/IdeaProjects/Gym_CRM_System/conf/logging.properties
14-Oct-2025 22:19:14.108 INFO [main] org.apache.catalina.startup.VersionLoggerListener.log Command line argument: -Djava.util.logging.manager=org.apache.juli.ClassLoaderLogManager
14-Oct-2025 22:19:14.108 INFO [main] org.apache.catalina.startup.VersionLoggerListener.log Command line argument: -javaagent:/Applications/IntelliJ IDEA CE.app/Contents/lib/idea_rt.jar=55115
14-Oct-2025 22:19:14.108 INFO [main] org.apache.catalina.startup.VersionLoggerListener.log Command line argument: -Dfile.encoding=UTF-8
14-Oct-2025 22:19:14.115 INFO [main] org.apache.catalina.core.AprLifecycleListener.lifecycleEvent The Apache Tomcat Native library which allows using OpenSSL was not found on the java.library.path: [/Users/nadezdali/Library/Java/Extensions:/Library/Java/Extensions:/Network/Library/Java/Extensions:/System/Library/Java/Extensions:/usr/lib/java:.]
14-Oct-2025 22:19:14.251 INFO [main] org.apache.coyote.AbstractProtocol.init Initializing ProtocolHandler ["http-nio-8080"]
14-Oct-2025 22:19:14.263 INFO [main] org.apache.catalina.startup.Catalina.load Server initialization in [288] milliseconds
14-Oct-2025 22:19:14.281 INFO [main] org.apache.catalina.core.StandardService.startInternal Starting service [Catalina]
14-Oct-2025 22:19:14.281 INFO [main] org.apache.catalina.core.StandardEngine.startInternal Starting Servlet engine: [Apache Tomcat/10.1.40]
14-Oct-2025 22:19:14.285 INFO [main] org.apache.catalina.startup.HostConfig.deployDescriptor Deploying deployment descriptor [/Users/nadezdali/IdeaProjects/Gym_CRM_System/conf/Catalina/localhost/ROOT.xml]
14-Oct-2025 22:19:15.408 INFO [main] org.apache.jasper.servlet.TldScanner.scanJars At least one JAR was scanned for TLDs yet contained no TLDs. Enable debug logging for this logger for a complete list of JARs that were scanned but no TLDs were found in them. Skipping unneeded JARs during scanning can improve startup time and JSP compilation time.
14-Oct-2025 22:19:17.757 INFO [main] org.apache.catalina.startup.HostConfig.deployDescriptor Deployment of deployment descriptor [/Users/nadezdali/IdeaProjects/Gym_CRM_System/conf/Catalina/localhost/ROOT.xml] has finished in [3,472] ms
14-Oct-2025 22:19:17.759 INFO [main] org.apache.coyote.AbstractProtocol.start Starting ProtocolHandler ["http-nio-8080"]
14-Oct-2025 22:19:17.769 INFO [main] org.apache.catalina.startup.Catalina.start Server startup in [3506] milliseconds
14-Oct-2025 22:19:57.447 INFO [Thread-1] org.apache.coyote.AbstractProtocol.pause Pausing ProtocolHandler ["http-nio-8080"]
14-Oct-2025 22:19:57.449 INFO [Thread-1] org.apache.catalina.core.StandardService.stopInternal Stopping service [Catalina]
14-Oct-2025 22:19:57.539 WARNING [Thread-1] org.apache.catalina.loader.WebappClassLoaderBase.clearReferencesJdbc The web application [ROOT] registered the JDBC driver [org.postgresql.Driver] but failed to unregister it when the web application was stopped. To prevent a memory leak, the JDBC Driver has been forcibly unregistered.
14-Oct-2025 22:19:57.545 INFO [Thread-1] org.apache.coyote.AbstractProtocol.stop Stopping ProtocolHandler ["http-nio-8080"]
14-Oct-2025 22:19:57.549 INFO [Thread-1] org.apache.coyote.AbstractProtocol.destroy Destroying ProtocolHandler ["http-nio-8080"]
14-Oct-2025 22:20:14.031 INFO [main] org.apache.catalina.startup.VersionLoggerListener.log Server version name:   Apache Tomcat/10.1.40
14-Oct-2025 22:20:14.033 INFO [main] org.apache.catalina.startup.VersionLoggerListener.log Server built:          Apr 1 2025 17:20:53 UTC
14-Oct-2025 22:20:14.034 INFO [main] org.apache.catalina.startup.VersionLoggerListener.log Server version number: 10.1.40.0
14-Oct-2025 22:20:14.034 INFO [main] org.apache.catalina.startup.VersionLoggerListener.log OS Name:               Mac OS X
14-Oct-2025 22:20:14.034 INFO [main] org.apache.catalina.startup.VersionLoggerListener.log OS Version:            14.3.1
14-Oct-2025 22:20:14.034 INFO [main] org.apache.catalina.startup.VersionLoggerListener.log Architecture:          aarch64
14-Oct-2025 22:20:14.034 INFO [main] org.apache.catalina.startup.VersionLoggerListener.log Java Home:             /Users/nadezdali/Library/Java/JavaVirtualMachines/corretto-17.0.14/Contents/Home
14-Oct-2025 22:20:14.034 INFO [main] org.apache.catalina.startup.VersionLoggerListener.log JVM Version:           17.0.14+7-LTS
14-Oct-2025 22:20:14.034 INFO [main] org.apache.catalina.startup.VersionLoggerListener.log JVM Vendor:            Amazon.com Inc.
14-Oct-2025 22:20:14.034 INFO [main] org.apache.catalina.startup.VersionLoggerListener.log CATALINA_BASE:         /Users/nadezdali/IdeaProjects/Gym_CRM_System
14-Oct-2025 22:20:14.034 INFO [main] org.apache.catalina.startup.VersionLoggerListener.log CATALINA_HOME:         /Users/nadezdali/JAVA/apache-tomcat-10.1.40
14-Oct-2025 22:20:14.038 INFO [main] org.apache.catalina.startup.VersionLoggerListener.log Command line argument: --add-opens=java.base/java.lang=ALL-UNNAMED
14-Oct-2025 22:20:14.038 INFO [main] org.apache.catalina.startup.VersionLoggerListener.log Command line argument: --add-opens=java.base/java.io=ALL-UNNAMED
14-Oct-2025 22:20:14.038 INFO [main] org.apache.catalina.startup.VersionLoggerListener.log Command line argument: --add-opens=java.base/java.util=ALL-UNNAMED
14-Oct-2025 22:20:14.038 INFO [main] org.apache.catalina.startup.VersionLoggerListener.log Command line argument: --add-opens=java.base/java.util.concurrent=ALL-UNNAMED
14-Oct-2025 22:20:14.039 INFO [main] org.apache.catalina.startup.VersionLoggerListener.log Command line argument: --add-opens=java.rmi/sun.rmi.transport=ALL-UNNAMED
14-Oct-2025 22:20:14.039 INFO [main] org.apache.catalina.startup.VersionLoggerListener.log Command line argument: -Dcatalina.home=/Users/nadezdali/JAVA/apache-tomcat-10.1.40
14-Oct-2025 22:20:14.039 INFO [main] org.apache.catalina.startup.VersionLoggerListener.log Command line argument: -Dcatalina.base=/Users/nadezdali/IdeaProjects/Gym_CRM_System
14-Oct-2025 22:20:14.039 INFO [main] org.apache.catalina.startup.VersionLoggerListener.log Command line argument: -Djava.io.tmpdir=/Users/nadezdali/IdeaProjects/Gym_CRM_System/temp
14-Oct-2025 22:20:14.039 INFO [main] org.apache.catalina.startup.VersionLoggerListener.log Command line argument: -Djava.util.logging.config.file=/Users/nadezdali/IdeaProjects/Gym_CRM_System/conf/logging.properties
14-Oct-2025 22:20:14.039 INFO [main] org.apache.catalina.startup.VersionLoggerListener.log Command line argument: -Djava.util.logging.manager=org.apache.juli.ClassLoaderLogManager
14-Oct-2025 22:20:14.039 INFO [main] org.apache.catalina.startup.VersionLoggerListener.log Command line argument: -javaagent:/Applications/IntelliJ IDEA CE.app/Contents/lib/idea_rt.jar=55134
14-Oct-2025 22:20:14.039 INFO [main] org.apache.catalina.startup.VersionLoggerListener.log Command line argument: -Dfile.encoding=UTF-8
14-Oct-2025 22:20:14.044 INFO [main] org.apache.catalina.core.AprLifecycleListener.lifecycleEvent The Apache Tomcat Native library which allows using OpenSSL was not found on the java.library.path: [/Users/nadezdali/Library/Java/Extensions:/Library/Java/Extensions:/Network/Library/Java/Extensions:/System/Library/Java/Extensions:/usr/lib/java:.]
14-Oct-2025 22:20:14.198 INFO [main] org.apache.coyote.AbstractProtocol.init Initializing ProtocolHandler ["http-nio-8080"]
14-Oct-2025 22:20:14.211 INFO [main] org.apache.catalina.startup.Catalina.load Server initialization in [282] milliseconds
14-Oct-2025 22:20:14.235 INFO [main] org.apache.catalina.core.StandardService.startInternal Starting service [Catalina]
14-Oct-2025 22:20:14.235 INFO [main] org.apache.catalina.core.StandardEngine.startInternal Starting Servlet engine: [Apache Tomcat/10.1.40]
14-Oct-2025 22:20:14.240 INFO [main] org.apache.catalina.startup.HostConfig.deployDescriptor Deploying deployment descriptor [/Users/nadezdali/IdeaProjects/Gym_CRM_System/conf/Catalina/localhost/api.xml]
14-Oct-2025 22:20:15.378 INFO [main] org.apache.jasper.servlet.TldScanner.scanJars At least one JAR was scanned for TLDs yet contained no TLDs. Enable debug logging for this logger for a complete list of JARs that were scanned but no TLDs were found in them. Skipping unneeded JARs during scanning can improve startup time and JSP compilation time.
14-Oct-2025 22:20:17.678 INFO [main] org.apache.catalina.startup.HostConfig.deployDescriptor Deployment of deployment descriptor [/Users/nadezdali/IdeaProjects/Gym_CRM_System/conf/Catalina/localhost/api.xml] has finished in [3,438] ms
14-Oct-2025 22:20:17.680 INFO [main] org.apache.coyote.AbstractProtocol.start Starting ProtocolHandler ["http-nio-8080"]
14-Oct-2025 22:20:17.690 INFO [main] org.apache.catalina.startup.Catalina.start Server startup in [3478] milliseconds
14-Oct-2025 22:20:38.060 INFO [Thread-1] org.apache.coyote.AbstractProtocol.pause Pausing ProtocolHandler ["http-nio-8080"]
14-Oct-2025 22:20:38.063 INFO [Thread-1] org.apache.catalina.core.StandardService.stopInternal Stopping service [Catalina]
14-Oct-2025 22:20:38.151 WARNING [Thread-1] org.apache.catalina.loader.WebappClassLoaderBase.clearReferencesJdbc The web application [api] registered the JDBC driver [org.postgresql.Driver] but failed to unregister it when the web application was stopped. To prevent a memory leak, the JDBC Driver has been forcibly unregistered.
14-Oct-2025 22:20:38.155 INFO [Thread-1] org.apache.coyote.AbstractProtocol.stop Stopping ProtocolHandler ["http-nio-8080"]
14-Oct-2025 22:20:38.161 INFO [Thread-1] org.apache.coyote.AbstractProtocol.destroy Destroying ProtocolHandler ["http-nio-8080"]
